---
source: crates/panache-parser/tests/golden_parser_cases.rs
expression: cst_output
---
DOCUMENT@0..1668
  YAML_METADATA@0..37
    YAML_METADATA_DELIM@0..3 "---"
    NEWLINE@3..4 "\n"
    YAML_METADATA_CONTENT@4..33
      YAML_DOCUMENT@4..33
        YAML_BLOCK_MAP@4..33
          YAML_BLOCK_MAP_ENTRY@4..33
            YAML_BLOCK_MAP_KEY@4..10
              YAML_SCALAR@4..9 "title"
              YAML_COLON@9..10 ":"
            YAML_BLOCK_MAP_VALUE@10..33
              WHITESPACE@10..11 " "
              YAML_SCALAR@11..32 "\"List Wrapping Tests\""
              NEWLINE@32..33 "\n"
    YAML_METADATA_DELIM@33..36 "---"
    NEWLINE@36..37 "\n"
  BLANK_LINE@37..38
    BLANK_LINE@37..38 "\n"
  HEADING@38..70
    ATX_HEADING_MARKER@38..40
      ATX_HEADING_MARKER@38..40 "##"
    WHITESPACE@40..41 " "
    HEADING_CONTENT@41..69
      TEXT@41..69 "Bullet Lists with Lon ..."
    NEWLINE@69..70 "\n"
  BLANK_LINE@70..71
    BLANK_LINE@70..71 "\n"
  LIST@71..473
    LIST_ITEM@71..181
      LIST_MARKER@71..72 "-"
      WHITESPACE@72..73 " "
      PLAIN@73..181
        TEXT@73..180 "This is a very long l ..."
        NEWLINE@180..181 "\n"
    LIST_ITEM@181..194
      LIST_MARKER@181..182 "-"
      WHITESPACE@182..183 " "
      PLAIN@183..194
        TEXT@183..193 "Short item"
        NEWLINE@193..194 "\n"
    LIST_ITEM@194..347
      LIST_MARKER@194..195 "-"
      WHITESPACE@195..196 " "
      PLAIN@196..347
        TEXT@196..346 "Another extremely lon ..."
        NEWLINE@346..347 "\n"
    LIST_ITEM@347..473
      LIST_MARKER@347..348 "-"
      WHITESPACE@348..349 " "
      PLAIN@349..473
        TEXT@349..365 "Final item with "
        INLINE_CODE@365..378
          INLINE_CODE_MARKER@365..366 "`"
          INLINE_CODE_CONTENT@366..377 "inline code"
          INLINE_CODE_MARKER@377..378 "`"
        TEXT@378..472 " that should be prese ..."
        NEWLINE@472..473 "\n"
  BLANK_LINE@473..474
    BLANK_LINE@473..474 "\n"
  HEADING@474..507
    ATX_HEADING_MARKER@474..476
      ATX_HEADING_MARKER@474..476 "##"
    WHITESPACE@476..477 " "
    HEADING_CONTENT@477..506
      TEXT@477..506 "Ordered Lists with Lo ..."
    NEWLINE@506..507 "\n"
  BLANK_LINE@507..508
    BLANK_LINE@507..508 "\n"
  LIST@508..848
    LIST_ITEM@508..624
      LIST_MARKER@508..510 "1."
      WHITESPACE@510..511 " "
      PLAIN@511..624
        TEXT@511..623 "This is the first ite ..."
        NEWLINE@623..624 "\n"
    LIST_ITEM@624..639
      LIST_MARKER@624..626 "2."
      WHITESPACE@626..627 " "
      PLAIN@627..639
        TEXT@627..638 "Second item"
        NEWLINE@638..639 "\n"
    LIST_ITEM@639..848
      LIST_MARKER@639..641 "3."
      WHITESPACE@641..642 " "
      PLAIN@642..848
        TEXT@642..847 "The third item has an ..."
        NEWLINE@847..848 "\n"
  BLANK_LINE@848..849
    BLANK_LINE@848..849 "\n"
  HEADING@849..879
    ATX_HEADING_MARKER@849..851
      ATX_HEADING_MARKER@849..851 "##"
    WHITESPACE@851..852 " "
    HEADING_CONTENT@852..878
      TEXT@852..878 "Task Lists with Long  ..."
    NEWLINE@878..879 "\n"
  BLANK_LINE@879..880
    BLANK_LINE@879..880 "\n"
  LIST@880..1223
    LIST_ITEM@880..999
      LIST_MARKER@880..881 "-"
      WHITESPACE@881..882 " "
      TASK_CHECKBOX@882..885 "[ ]"
      PLAIN@885..999
        TEXT@885..998 " This unchecked task  ..."
        NEWLINE@998..999 "\n"
    LIST_ITEM@999..1020
      LIST_MARKER@999..1000 "-"
      WHITESPACE@1000..1001 " "
      TASK_CHECKBOX@1001..1004 "[x]"
      PLAIN@1004..1020
        TEXT@1004..1019 " Completed task"
        NEWLINE@1019..1020 "\n"
    LIST_ITEM@1020..1223
      LIST_MARKER@1020..1021 "-"
      WHITESPACE@1021..1022 " "
      TASK_CHECKBOX@1022..1025 "[ ]"
      PLAIN@1025..1223
        TEXT@1025..1222 " Another unchecked ta ..."
        NEWLINE@1222..1223 "\n"
  BLANK_LINE@1223..1224
    BLANK_LINE@1223..1224 "\n"
  HEADING@1224..1244
    ATX_HEADING_MARKER@1224..1226
      ATX_HEADING_MARKER@1224..1226 "##"
    WHITESPACE@1226..1227 " "
    HEADING_CONTENT@1227..1243
      TEXT@1227..1243 "Mixed List Types"
    NEWLINE@1243..1244 "\n"
  BLANK_LINE@1244..1245
    BLANK_LINE@1244..1245 "\n"
  LIST@1245..1668
    LIST_ITEM@1245..1425
      LIST_MARKER@1245..1246 "-"
      WHITESPACE@1246..1247 " "
      PLAIN@1247..1283
        TEXT@1247..1282 "Bullet point with rea ..."
        NEWLINE@1282..1283 "\n"
      LIST@1283..1425
        LIST_ITEM@1283..1322
          WHITESPACE@1283..1285 "  "
          LIST_MARKER@1285..1287 "1."
          WHITESPACE@1287..1288 " "
          PLAIN@1288..1322
            TEXT@1288..1321 "Nested ordered item t ..."
            NEWLINE@1321..1322 "\n"
        LIST_ITEM@1322..1425
          WHITESPACE@1322..1324 "  "
          LIST_MARKER@1324..1326 "2."
          WHITESPACE@1326..1327 " "
          PLAIN@1327..1425
            TEXT@1327..1424 "Nested ordered item w ..."
            NEWLINE@1424..1425 "\n"
    LIST_ITEM@1425..1668
      LIST_MARKER@1425..1426 "-"
      WHITESPACE@1426..1427 " "
      PLAIN@1427..1557
        TEXT@1427..1556 "Another bullet with a ..."
        NEWLINE@1556..1557 "\n"
      LIST@1557..1668
        LIST_ITEM@1557..1579
          WHITESPACE@1557..1559 "  "
          LIST_MARKER@1559..1560 "-"
          WHITESPACE@1560..1561 " "
          PLAIN@1561..1579
            TEXT@1561..1578 "Nested bullet one"
            NEWLINE@1578..1579 "\n"
        LIST_ITEM@1579..1668
          WHITESPACE@1579..1581 "  "
          LIST_MARKER@1581..1582 "-"
          WHITESPACE@1582..1583 " "
          PLAIN@1583..1668
            TEXT@1583..1667 "Nested bullet two wit ..."
            NEWLINE@1667..1668 "\n"
