---
source: crates/panache-parser/tests/golden_parser_cases.rs
expression: cst_output
---
DOCUMENT@0..153
  YAML_METADATA@0..108
    YAML_METADATA_DELIM@0..3 "---"
    NEWLINE@3..4 "\n"
    YAML_METADATA_CONTENT@4..104
      YAML_DOCUMENT@4..104
        YAML_BLOCK_MAP@4..104
          YAML_BLOCK_MAP_ENTRY@4..28
            YAML_BLOCK_MAP_KEY@4..10
              YAML_SCALAR@4..9 "title"
              YAML_COLON@9..10 ":"
            YAML_BLOCK_MAP_VALUE@10..28
              WHITESPACE@10..11 " "
              YAML_SCALAR@11..27 "Phase 2c.1 probe"
              NEWLINE@27..28 "\n"
          YAML_BLOCK_MAP_ENTRY@28..55
            YAML_BLOCK_MAP_KEY@28..37
              YAML_SCALAR@28..36 "keywords"
              YAML_COLON@36..37 ":"
            YAML_BLOCK_MAP_VALUE@37..55
              NEWLINE@37..38 "\n"
              WHITESPACE@38..40 "  "
              YAML_BLOCK_SEQUENCE@40..55
                YAML_BLOCK_SEQUENCE_ITEM@40..49
                  YAML_BLOCK_SEQ_ENTRY@40..41 "-"
                  WHITESPACE@41..42 " "
                  YAML_SCALAR@42..46 "yaml"
                  NEWLINE@46..47 "\n"
                  WHITESPACE@47..49 "  "
                YAML_BLOCK_SEQUENCE_ITEM@49..55
                  YAML_BLOCK_SEQ_ENTRY@49..50 "-"
                  WHITESPACE@50..51 " "
                  YAML_SCALAR@51..54 "cst"
                  NEWLINE@54..55 "\n"
          YAML_BLOCK_MAP_ENTRY@55..88
            YAML_BLOCK_MAP_KEY@55..62
              YAML_SCALAR@55..61 "nested"
              YAML_COLON@61..62 ":"
            YAML_BLOCK_MAP_VALUE@62..88
              NEWLINE@62..63 "\n"
              WHITESPACE@63..65 "  "
              YAML_BLOCK_MAP@65..88
                YAML_BLOCK_MAP_ENTRY@65..88
                  YAML_BLOCK_MAP_KEY@65..71
                    YAML_SCALAR@65..70 "inner"
                    YAML_COLON@70..71 ":"
                  YAML_BLOCK_MAP_VALUE@71..88
                    NEWLINE@71..72 "\n"
                    WHITESPACE@72..76 "    "
                    YAML_BLOCK_MAP@76..88
                      YAML_BLOCK_MAP_ENTRY@76..88
                        YAML_BLOCK_MAP_KEY@76..81
                          YAML_SCALAR@76..80 "leaf"
                          YAML_COLON@80..81 ":"
                        YAML_BLOCK_MAP_VALUE@81..88
                          WHITESPACE@81..82 " "
                          YAML_SCALAR@82..87 "value"
                          NEWLINE@87..88 "\n"
          YAML_BLOCK_MAP_ENTRY@88..104
            YAML_BLOCK_MAP_KEY@88..93
              YAML_SCALAR@88..92 "flow"
              YAML_COLON@92..93 ":"
            YAML_BLOCK_MAP_VALUE@93..104
              WHITESPACE@93..94 " "
              YAML_FLOW_SEQUENCE@94..103
                YAML_SCALAR@94..95 "["
                YAML_FLOW_SEQUENCE_ITEM@95..96
                  YAML_SCALAR@95..96 "a"
                YAML_SCALAR@96..97 ","
                WHITESPACE@97..98 " "
                YAML_FLOW_SEQUENCE_ITEM@98..99
                  YAML_SCALAR@98..99 "b"
                YAML_SCALAR@99..100 ","
                WHITESPACE@100..101 " "
                YAML_FLOW_SEQUENCE_ITEM@101..102
                  YAML_SCALAR@101..102 "c"
                YAML_SCALAR@102..103 "]"
              NEWLINE@103..104 "\n"
    YAML_METADATA_DELIM@104..107 "---"
    NEWLINE@107..108 "\n"
  BLANK_LINE@108..109
    BLANK_LINE@108..109 "\n"
  PARAGRAPH@109..153
    TEXT@109..152 "Body paragraph after  ..."
    NEWLINE@152..153 "\n"
