---
source: crates/panache-parser/tests/golden_parser_cases.rs
expression: cst_output
---
DOCUMENT@0..63
  YAML_METADATA@0..46
    YAML_METADATA_DELIM@0..3 "---"
    NEWLINE@3..4 "\n"
    YAML_METADATA_CONTENT@4..42
      YAML_DOCUMENT@4..42
        YAML_BLOCK_MAP@4..42
          YAML_BLOCK_MAP_ENTRY@4..19
            YAML_BLOCK_MAP_KEY@4..9
              YAML_SCALAR@4..8 "echo"
              YAML_COLON@8..9 ":"
            YAML_BLOCK_MAP_VALUE@9..19
              WHITESPACE@9..13 "    "
              YAML_SCALAR@13..18 "false"
              NEWLINE@18..19 "\n"
          YAML_BLOCK_MAP_ENTRY@19..42
            YAML_BLOCK_MAP_KEY@19..24
              YAML_SCALAR@19..23 "list"
              YAML_COLON@23..24 ":"
            YAML_BLOCK_MAP_VALUE@24..42
              NEWLINE@24..25 "\n"
              WHITESPACE@25..27 "  "
              YAML_BLOCK_SEQUENCE@27..42
                YAML_BLOCK_SEQUENCE_ITEM@27..34
                  YAML_BLOCK_SEQ_ENTRY@27..28 "-"
                  WHITESPACE@28..30 "  "
                  YAML_SCALAR@30..31 "a"
                  NEWLINE@31..32 "\n"
                  WHITESPACE@32..34 "  "
                YAML_BLOCK_SEQUENCE_ITEM@34..42
                  YAML_BLOCK_SEQ_ENTRY@34..35 "-"
                  WHITESPACE@35..40 "     "
                  YAML_SCALAR@40..41 "b"
                  NEWLINE@41..42 "\n"
    YAML_METADATA_DELIM@42..45 "---"
    NEWLINE@45..46 "\n"
  HEADING@46..56
    ATX_HEADING_MARKER@46..47
      ATX_HEADING_MARKER@46..47 "#"
    WHITESPACE@47..48 " "
    HEADING_CONTENT@48..55
      TEXT@48..55 "Heading"
    NEWLINE@55..56 "\n"
  BLANK_LINE@56..57
    BLANK_LINE@56..57 "\n"
  PARAGRAPH@57..63
    TEXT@57..62 "Text."
    NEWLINE@62..63 "\n"
