---
source: crates/panache-parser/tests/yaml.rs
assertion_line: 250
expression: snapshot
---
case_id: W9L4
input: "---\nblock scalar: |\n     \n  more spaces at the beginning\n  are invalid\n"
has_error_contract: true
parsed_mapping_tree: false
diagnostics: [YAML_PARSE_UNEXPECTED_INDENT:block scalar leading empty line is more indented than its content@20..21]
