---
source: crates/panache-parser/tests/yaml.rs
assertion_line: 250
expression: snapshot
---
case_id: U44R
input: "map:\n  key1: \"quoted1\"\n   key2: \"bad indentation\"\n"
has_error_contract: true
parsed_mapping_tree: false
diagnostics: [YAML_PARSE_UNEXPECTED_INDENT:block collection cannot follow a scalar value at a deeper indent@26..27]
