---
source: crates/panache-parser/tests/yaml.rs
assertion_line: 283
expression: snapshot
---
case_id: FP8R
input: "--- >\nline1\nline2\nline3\n"
diagnostics:

cst:
DOCUMENT@0..24
  YAML_METADATA_CONTENT@0..24
    YAML_STREAM@0..24
      YAML_DOCUMENT@0..24
        YAML_DOCUMENT_START@0..3 "---"
        WHITESPACE@3..4 " "
        YAML_SCALAR@4..24 ">\nline1\nline2\nline3\n"
